bun : $ vitest run
At line:1 char:1
+ bun run test > 
test_output.txt 2>&1
+ ~~~~~~~~~~~~~~~~~~~~~
~~~~~~~~~~~~~~
    + CategoryInfo     
         : NotSpecifi  
  ed: ($ vitest run:   
 String) [], Remote    
Exception
    + FullyQualifiedEr 
   rorId : NativeComm  
  andError
 

[1m[46m RUN [49m[22m [36mv3.2.4 [39m[90mC:/Users/Admin/Desktop/HostelMate[39m

[31mΓÄ»ΓÄ»ΓÄ»ΓÄ»ΓÄ»ΓÄ»
[39m[1m[41m 
Unhandled Errors [49m
[22m[31mΓÄ»ΓÄ»ΓÄ»ΓÄ»ΓÄ
»ΓÄ»[39m
[31m[1m
Vitest caught 3 
unhandled errors 
during the test run.
This might cause false 
positive tests. 
Resolve unhandled 
errors to make sure 
your tests are not 
affected.[22m[39m

[31mΓÄ»ΓÄ»ΓÄ»ΓÄ»ΓÄ»ΓÄ»
[39m[1m[41m 
Unhandled Error [49m[
22m[31mΓÄ»ΓÄ»ΓÄ»ΓÄ»ΓÄ»
ΓÄ»ΓÄ»[39m
[31m[1mTypeError[22m
: File URL path must 
be an absolute 
path[39m
[90m [2mΓ¥»[22m 
directRequest node_modu
les/vite-node/dist/clie
nt.mjs:[2m280:22[22m
[39m
[90m [2mΓ¥»[22m 
cachedRequest node_modu
les/vite-node/dist/clie
nt.mjs:[2m189:17[22m
[39m
[90m [2mΓ¥»[22m 
executeId node_modules/
vite-node/dist/client.m
js:[2m166:21[22m[39m
[90m [2mΓ¥»[22m 
createVitestExecutor no
de_modules/vitest/dist/
chunks/execute.B7h3T_Hc
.js:[2m469:15[22m[39
m
[90m [2mΓ¥»[22m 
startVitestExecutor nod
e_modules/vitest/dist/c
hunks/execute.B7h3T_Hc.
js:[2m531:15[22m[39m
[90m [2mΓ¥»[22m 
startViteNode node_modu
les/vitest/dist/chunks/
base.DfmxU-tU.js:[2m10
:20[22m[39m
[90m [2mΓ¥»[22m 
runBaseTests node_modul
es/vitest/dist/chunks/b
ase.DfmxU-tU.js:[2m24:
44[22m[39m
[90m [2mΓ¥»[22m 
executeTests node_modul
es/vitest/dist/workers/
forks.js:[2m29:10[22m
[39m
[90m [2mΓ¥»[22m 
execute node_modules/vi
test/dist/worker.js:[2
m108:16[22m[39m
[90m [2mΓ¥»[22m 
onMessage node_modules/
tinypool/dist/entry/pro
cess.js:[2m39:24[22m
[39m
[90m [2mΓ¥»[22m proc
essTicksAndRejections n
ative:[2m7:39[22m[39
m


[31mΓÄ»ΓÄ»ΓÄ»ΓÄ»ΓÄ»ΓÄ»
[39m[1m[41m 
Unhandled Error [49m[
22m[31mΓÄ»ΓÄ»ΓÄ»ΓÄ»ΓÄ»
ΓÄ»ΓÄ»[39m
[31m[1mTypeError[22m
: File URL path must 
be an absolute 
path[39m
[90m [2mΓ¥»[22m 
directRequest node_modu
les/vite-node/dist/clie
nt.mjs:[2m280:22[22m
[39m
[90m [2mΓ¥»[22m 
cachedRequest node_modu
les/vite-node/dist/clie
nt.mjs:[2m189:17[22m
[39m
[90m [2mΓ¥»[22m 
executeId node_modules/
vite-node/dist/client.m
js:[2m166:21[22m[39m
[90m [2mΓ¥»[22m 
createVitestExecutor no
de_modules/vitest/dist/
chunks/execute.B7h3T_Hc
.js:[2m469:15[22m[39
m
[90m [2mΓ¥»[22m 
startVitestExecutor nod
e_modules/vitest/dist/c
hunks/execute.B7h3T_Hc.
js:[2m531:15[22m[39m
[90m [2mΓ¥»[22m 
startViteNode node_modu
les/vitest/dist/chunks/
base.DfmxU-tU.js:[2m10
:20[22m[39m
[90m [2mΓ¥»[22m 
runBaseTests node_modul
es/vitest/dist/chunks/b
ase.DfmxU-tU.js:[2m24:
44[22m[39m
[90m [2mΓ¥»[22m 
executeTests node_modul
es/vitest/dist/workers/
forks.js:[2m29:10[22m
[39m
[90m [2mΓ¥»[22m 
execute node_modules/vi
test/dist/worker.js:[2
m108:16[22m[39m
[90m [2mΓ¥»[22m 
onMessage node_modules/
tinypool/dist/entry/pro
cess.js:[2m39:24[22m
[39m
[90m [2mΓ¥»[22m proc
essTicksAndRejections n
ative:[2m7:39[22m[39
m


[31mΓÄ»ΓÄ»ΓÄ»ΓÄ»ΓÄ»ΓÄ»
[39m[1m[41m 
Unhandled Error [49m[
22m[31mΓÄ»ΓÄ»ΓÄ»ΓÄ»ΓÄ»
ΓÄ»ΓÄ»[39m
[31m[1mTypeError[22m
: File URL path must 
be an absolute 
path[39m
[90m [2mΓ¥»[22m 
directRequest node_modu
les/vite-node/dist/clie
nt.mjs:[2m280:22[22m
[39m
[90m [2mΓ¥»[22m 
cachedRequest node_modu
les/vite-node/dist/clie
nt.mjs:[2m189:17[22m
[39m
[90m [2mΓ¥»[22m 
executeId node_modules/
vite-node/dist/client.m
js:[2m166:21[22m[39m
[90m [2mΓ¥»[22m 
createVitestExecutor no
de_modules/vitest/dist/
chunks/execute.B7h3T_Hc
.js:[2m469:15[22m[39
m
[90m [2mΓ¥»[22m 
startVitestExecutor nod
e_modules/vitest/dist/c
hunks/execute.B7h3T_Hc.
js:[2m531:15[22m[39m
[90m [2mΓ¥»[22m 
startViteNode node_modu
les/vitest/dist/chunks/
base.DfmxU-tU.js:[2m10
:20[22m[39m
[90m [2mΓ¥»[22m 
runBaseTests node_modul
es/vitest/dist/chunks/b
ase.DfmxU-tU.js:[2m24:
44[22m[39m
[90m [2mΓ¥»[22m 
executeTests node_modul
es/vitest/dist/workers/
forks.js:[2m29:10[22m
[39m
[90m [2mΓ¥»[22m 
execute node_modules/vi
test/dist/worker.js:[2
m108:16[22m[39m
[90m [2mΓ¥»[22m 
onMessage node_modules/
tinypool/dist/entry/pro
cess.js:[2m39:24[22m
[39m
[90m [2mΓ¥»[22m proc
essTicksAndRejections n
ative:[2m7:39[22m[39
m

[31mΓÄ»ΓÄ»ΓÄ»ΓÄ»ΓÄ»ΓÄ»
ΓÄ»ΓÄ»ΓÄ»ΓÄ»ΓÄ»ΓÄ»ΓÄ»ΓÄ
»ΓÄ»ΓÄ»ΓÄ»ΓÄ»ΓÄ»ΓÄ»ΓÄ»Γ
Ä»ΓÄ»ΓÄ»ΓÄ»ΓÄ»ΓÄ»ΓÄ»ΓÄ»
ΓÄ»[39m


[2m Test Files [22m [90m (3)[39m
[2m      Tests [22m [2mno tests[22m
[2m     Errors [22m [1m[31m3 errors[39m[22m
[2m   Start at [22m 17:26:52
[2m   Duration [22m 1.13s[2m (transform 43ms, setup 0ms, collect 0ms, tests 0ms, environment 0ms, prepare 0ms)[22m

error: script "test" 
exited with code 1
